node.exe : ΓÜá Warning: Next.js 
inferred your workspace root, but it 
may not be correct.
At line:1 char:1
+ & "C:\Program 
Files\nodejs/node.exe" "C:\Program 
Files\nodejs/node_mo ...
+ ~~~~~~~~~~~~~~~~~~~~~~~~~~~~~~~~~~~
~~~~~~~~~~~~~~~~~~~~~~~~~~~~~~~~~~
    + CategoryInfo          : 
NotSpecifi    ed: (ΓÜá Warning: 
Ne...not be correc    t.:String) [], 
RemoteException
    + FullyQualifiedErrorId : 
NativeComm    andError
 
 We detected multiple lockfiles and 
selected the directory of C:\Users\Ar
yan\Desktop\package-lock.json as the 
root directory.
 To silence this warning, set 
`turbopack.root` in your Next.js 
config, or consider removing one of 
the lockfiles if it's not needed.
   See https://nextjs.org/docs/app/ap
i-reference/config/next-config-js/tur
bopack#root-directory for more 
information.
 Detected additional lockfiles: 
   * C:\Users\Aryan\Desktop\orbit-v2\
package-lock.json

Γû▓ Next.js 16.1.6 (Turbopack)
- Environments: .env.local

  Creating an optimized production build ...
Turbopack build encountered 2 
warnings:
./orbit-v2/components/distance-time-w
idget.tsx:15:39
Module not found: Can't resolve 
'@capacitor/geolocation'
[0m [90m 13 |[39m [36masync[39m 
[36mfunction[39m 
getNativePosition()[33m:[39m 
[33mPromise[39m[33m<[39m{ 
latitude[33m:[39m 
number[33m;[39m 
longitude[33m:[39m number } 
[33m|[39m 
[36mnull[39m[33m>[39m {
 [90m 14 |[39m     [36mtry[39m {
[31m[1m>[22m[39m[90m 15 |[39m  
       [36mconst[39m { 
[33mGeolocation[39m } [33m=[39m 
[36mawait[39m [36mimport[39m([32
m'@capacitor/geolocation'[39m)
 [90m    |[39m                     
                  [31m[1m^[22m[39
m[31m[1m^[22m[39m[31m[1m^[22m
[39m[31m[1m^[22m[39m[31m[1m^[2
2m[39m[31m[1m^[22m[39m[31m[1m^
[22m[39m[31m[1m^[22m[39m[31m[
1m^[22m[39m[31m[1m^[22m[39m[31
m[1m^[22m[39m[31m[1m^[22m[39m
[31m[1m^[22m[39m[31m[1m^[22m[3
9m[31m[1m^[22m[39m[31m[1m^[22m
[39m[31m[1m^[22m[39m[31m[1m^[
22m[39m[31m[1m^[22m[39m[31m[1m
^[22m[39m[31m[1m^[22m[39m[31m
[1m^[22m[39m[31m[1m^[22m[39m[3
1m[1m^[22m[39m[31m[1m^[22m[39m
[31m[1m^[22m[39m[31m[1m^[22m[
39m[31m[1m^[22m[39m[31m[1m^[22
m[39m[31m[1m^[22m[39m[31m[1m^
[22m[39m[31m[1m^[22m[39m
 [90m 16 |[39m         
[36mconst[39m pos [33m=[39m 
[36mawait[39m [33mGeolocation[39m
[33m.[39mgetCurrentPosition({
 [90m 17 |[39m             
timeout[33m:[39m 
[35m10000[39m[33m,[39m
 [90m 18 |[39m             
enableHighAccuracy[33m:[39m 
[36mtrue[39m[0m



Import traces:
  Client Component Browser:
    ./orbit-v2/components/distance-ti
me-widget.tsx [Client Component 
Browser]
    ./orbit-v2/components/lazy-widget
s.tsx [Client Component Browser]
    ./orbit-v2/app/(protected)/dashbo
ard/page.tsx [Client Component 
Browser]
    ./orbit-v2/app/(protected)/dashbo
ard/page.tsx [Server Component]

  Client Component SSR:
    ./orbit-v2/components/distance-ti
me-widget.tsx [Client Component SSR]
    ./orbit-v2/components/lazy-widget
s.tsx [Client Component SSR]
    ./orbit-v2/app/(protected)/dashbo
ard/page.tsx [Client Component SSR]
    ./orbit-v2/app/(protected)/dashbo
ard/page.tsx [Server Component]

https://nextjs.org/docs/messages/modu
le-not-found


./orbit-v2/components/distance-time-w
idget.tsx:122:47
Module not found: Can't resolve 
'@capacitor/geolocation'
[0m [90m 120 |[39m             
[36mtry[39m {
 [90m 121 |[39m                 
[90m// Try Capacitor native GPS 
first (Android APK path)[39m
[31m[1m>[22m[39m[90m 122 |[39m 
                [36mconst[39m { 
[33mGeolocation[39m } [33m=[39m 
[36mawait[39m [36mimport[39m([32
m'@capacitor/geolocation'[39m)
 [90m     |[39m                    
                           [31m[1m^
[22m[39m[31m[1m^[22m[39m[31m[
1m^[22m[39m[31m[1m^[22m[39m[31
m[1m^[22m[39m[31m[1m^[22m[39m
[31m[1m^[22m[39m[31m[1m^[22m[3
9m[31m[1m^[22m[39m[31m[1m^[22m
[39m[31m[1m^[22m[39m[31m[1m^[
22m[39m[31m[1m^[22m[39m[31m[1m
^[22m[39m[31m[1m^[22m[39m[31m
[1m^[22m[39m[31m[1m^[22m[39m[3
1m[1m^[22m[39m[31m[1m^[22m[39m
[31m[1m^[22m[39m[31m[1m^[22m[
39m[31m[1m^[22m[39m[31m[1m^[22
m[39m[31m[1m^[22m[39m[31m[1m^
[22m[39m[31m[1m^[22m[39m[31m[1
m^[22m[39m[31m[1m^[22m[39m[31m
[1m^[22m[39m[31m[1m^[22m[39m[
31m[1m^[22m[39m[31m[1m^[22m[39
m
 [90m 123 |[39m                 
[36mconst[39m perm [33m=[39m 
[36mawait[39m [33mGeolocation[39m
[33m.[39mcheckPermissions()
 [90m 124 |[39m                 
[36mif[39m (cancelled) 
[36mreturn[39m
 [90m 125 |[39m[0m



Import traces:
  Client Component Browser:
    ./orbit-v2/components/distance-ti
me-widget.tsx [Client Component 
Browser]
    ./orbit-v2/components/lazy-widget
s.tsx [Client Component Browser]
    ./orbit-v2/app/(protected)/dashbo
ard/page.tsx [Client Component 
Browser]
    ./orbit-v2/app/(protected)/dashbo
ard/page.tsx [Server Component]

  Client Component SSR:
    ./orbit-v2/components/distance-ti
me-widget.tsx [Client Component SSR]
    ./orbit-v2/components/lazy-widget
s.tsx [Client Component SSR]
    ./orbit-v2/app/(protected)/dashbo
ard/page.tsx [Client Component SSR]
    ./orbit-v2/app/(protected)/dashbo
ard/page.tsx [Server Component]

https://nextjs.org/docs/messages/modu
le-not-found


Γ£ô Compiled successfully in 5.4s
  Running TypeScript ...
Failed to compile.

./capacitor.config.ts:1:38
Type error: Cannot find module 
'@capacitor/cli' or its 
corresponding type declarations.

[0m[31m[1m>[22m[39m[90m 1 
|[39m [36mimport[39m type { 
[33mCapacitorConfig[39m } 
[36mfrom[39m 
[32m'@capacitor/cli'[39m[33m;[39m
 [90m   |[39m                      
                [31m[1m^[22m[39m
 [90m 2 |[39m
 [90m 3 |[39m [36mconst[39m 
config[33m:[39m 
[33mCapacitorConfig[39m 
[33m=[39m {
 [90m 4 |[39m     appId[33m:[39m 
[32m'com.orbit.app'[39m[33m,[39m
[0m
Next.js build worker exited with 
code: 1 and signal: null
