
> orbit-v2@1.0.0 build
> next build

Γû▓ Next.js 16.1.6 (Turbopack)
- Environments: .env.local

  Creating an optimized production build ...
Γ£ô Compiled successfully in 10.4s
  Running TypeScript ...
node.exe : Failed to compile.
At line:1 char:1
+ & "C:\Program Files\nodejs/node.exe" "C:\Program 
Files\nodejs/node_mo ...
+ ~~~~~~~~~~~~~~~~~~~~~~~~~~~~~~~~~~~~~~~~~~~~~~~~~~~~~~
~~~~~~~~~~~~~~~
    + CategoryInfo          : NotSpecified: (Failed to  
   compile.:String) [], RemoteException
    + FullyQualifiedErrorId : NativeCommandError
 

./app/api/media/upload/route.ts:12:40
Type error: Property 'get' does not exist on type 
'FormData'.

[0m [90m 10 |[39m
 [90m 11 |[39m         [36mconst[39m formData 
[33m=[39m [36mawait[39m request[33m.[39mformData()
[31m[1m>[22m[39m[90m 12 |[39m         
[36mconst[39m bucket [33m=[39m [33mString[39m(form
Data[33m.[39m[36mget[39m([32m'bucket'[39m) 
[33m||[39m [32m''[39m)[33m.[39mtrim()
 [90m    |[39m                                        
[31m[1m^[22m[39m
 [90m 13 |[39m         [36mconst[39m path 
[33m=[39m [33mString[39m(formData[33m.[39m[36mget
[39m([32m'path'[39m) [33m||[39m [32m''[39m)[33m.
[39mtrim()[33m.[39mreplace([35m/^\/+/[39m[33m,[39
m [32m''[39m)
 [90m 14 |[39m         [36mconst[39m contentType 
[33m=[39m [33mString[39m(formData[33m.[39m[36mget
[39m([32m'contentType'[39m) [33m||[39m 
[32m'application/octet-stream'[39m)[33m.[39mtrim()
 [90m 15 |[39m         [36mconst[39m file 
[33m=[39m 
formData[33m.[39m[36mget[39m([32m'file'[39m)[0m
Next.js build worker exited with code: 1 and signal: 
null
